<?xml version="1.0" encoding="utf-8"?>
<TestRun id="5b7c8488-3b26-46a7-bb51-2f20e0ad44f3" name="giris@WIDOWSVAIL 2025-09-12 18:43:24" runUser="WIDOWSVAIL\giris" xmlns="http://microsoft.com/schemas/VisualStudio/TeamTest/2010">
  <Times creation="2025-09-12T18:43:24.4599604-06:00" queuing="2025-09-12T18:43:24.4599605-06:00" start="2025-09-12T18:43:24.1931985-06:00" finish="2025-09-12T18:43:24.4601926-06:00" />
  <TestSettings name="default" id="39262fe7-12fa-4902-a41c-aeac9a4ad30b">
    <Deployment runDeploymentRoot="giris_WIDOWSVAIL_2025-09-12_18_43_24" />
  </TestSettings>
  <TestLists>
    <TestList name="Results Not in a List" id="8c84fa94-04c1-424b-9868-57a2d4851a1d" />
    <TestList name="All Loaded Results" id="19431567-8539-422a-85d7-44ee4e166bda" />
  </TestLists>
  <ResultSummary outcome="Completed">
    <Counters total="0" executed="0" passed="0" failed="0" error="0" timeout="0" aborted="0" inconclusive="0" passedButRunAborted="0" notRunnable="0" notExecuted="0" disconnected="0" warning="0" completed="0" inProgress="0" pending="0" />
    <RunInfos>
      <RunInfo computerName="WIDOWSVAIL" outcome="Warning" timestamp="2025-09-12T18:43:24.4308177-06:00">
        <Text>No test matches the given testcase filter `Category=UI` in C:\Users\giris\Documents\Code\Order-Tracking-By-GPT\solution\MagiDesk.Tests\bin\Release\net8.0\MagiDesk.Tests.dll</Text>
      </RunInfo>
    </RunInfos>
  </ResultSummary>
</TestRun>